line profiling: sample.interval=5000
"gc" "system.time" 
"gc" "system.time" 
"gc" "system.time" 
"gc" "system.time" 
"gc" "system.time" 
"gc" "system.time" 
"gc" "system.time" 
"gc" "system.time" 
"gc" "system.time" 
"gc" "system.time" 
"gc" "system.time" 
"gc" "system.time" 
"gc" "system.time" 
"gc" "system.time" 
"gc" "system.time" 
"gc" "system.time" 
"gc" "system.time" 
"gc" "system.time" 
"gc" "system.time" 
"gc" "system.time" 
"gc" "system.time" 
"gc" "system.time" 
"gc" "system.time" 
"gc" "system.time" 
"gc" "system.time" 
"gc" "system.time" 
"gc" "system.time" 
"gc" "system.time" 
"gc" "system.time" 
"gc" "system.time" 
"gc" "system.time" 
"gc" "system.time" 
"gc" "system.time" 
"gc" "system.time" 
"gc" "system.time" 
"gc" "system.time" 
"gc" "system.time" 
#File 1: 
"mayCallBrowser" "mayCallBrowserList" "mayCallBrowser" "mayCallBrowserList" "mayCallBrowser" "mayCallBrowserList" "mayCallBrowser" "mayCallBrowserList" "mayCallBrowser" "mayCallBrowserList" "mayCallBrowser" "mayCallBrowserList" "mayCallBrowser" "mayCallBrowserList" "mayCallBrowser" "mayCallBrowserList" "mayCallBrowser" "mayCallBrowserList" "mayCallBrowser" "cmpfun" "doTryCatch" "tryCatchOne" "tryCatchList" "tryCatch" "compiler:::tryCmpfun" 1#10 "abundance_bar_plot" 1#10 "targets[[nm]]" "withCallingHandlers" "suppressMessages" "withCallingHandlers" "suppressWarnings" "system.time" 
"paste0" "as.name" "getAssignFun" "cmpSetterCall" "cmpComplexAssign" "h" "tryInline" "cmpCall" "cmp" "h" "tryInline" "cmpCall" "cmp" "genCode" "cmpfun" "doTryCatch" "tryCatchOne" "tryCatchList" "tryCatch" "compiler:::tryCmpfun" 1#10 "abundance_bar_plot" 1#10 "targets[[nm]]" "withCallingHandlers" "suppressMessages" "withCallingHandlers" "suppressWarnings" "system.time" 
"exists" "findCenvVar" "getInlineInfo" "tryInline" "cmpCall" "cmp" "h" "tryInline" "cmpCall" "cmp" "h" "tryInline" "cmpCall" "cmp" "h" "tryInline" "cmpCall" "cmp" "h" "tryInline" "cmpCall" "cmp" "genCode" "cmpfun" "doTryCatch" "tryCatchOne" "tryCatchList" "tryCatch" "compiler:::tryCmpfun" 1#10 "abundance_bar_plot" 1#10 "targets[[nm]]" "withCallingHandlers" "suppressMessages" "withCallingHandlers" "suppressWarnings" "system.time" 
"putconst" "cb$putcode" "cmpConstArg" "cmpCallArgs" "cmpCallExprFun" "cmpCall" "cmp" "h" "tryInline" "cmpCall" "cmp" "h" "tryInline" "cmpCall" "cmp" "h" "tryInline" "cmpCall" "cmp" "genCode" "cmpfun" "doTryCatch" "tryCatchOne" "tryCatchList" "tryCatch" "compiler:::tryCmpfun" 1#10 "abundance_bar_plot" 1#10 "targets[[nm]]" "withCallingHandlers" "suppressMessages" "withCallingHandlers" "suppressWarnings" "system.time" 
"getExprSrcref" "cb$setcurexpr" "cmpCall" "cmp" "genCode" "cb$putconst" "cmpCallArgs" "cmpCallSymFun" "cmpCall" "cmp" "genCode" "cb$putconst" "cmpCallArgs" "cmpCallSymFun" "cmpCall" "cmp" "cmpPrim1" "h" "tryInline" "cmpCall" "cmp" "cmpPrim1" "h" "tryInline" "cmpCall" "cmp" "cmpPrim1" "h" "tryInline" "cmpCall" "cmp" "genCode" "cb$putconst" "cmpCallArgs" "cmpCallExprFun" "cmpCall" "cmp" "cmpSymbolAssign" "h" "tryInline" "cmpCall" "cmp" "h" "tryInline" "cmpCall" "cmp" "h" "tryInline" "cmpCall" "cmp" "h" "tryInline" "cmpCall" "cmp" "genCode" "cmpfun" "doTryCatch" "tryCatchOne" "tryCatchList" "tryCatch" "compiler:::tryCmpfun" 1#10 "abundance_bar_plot" 1#10 "targets[[nm]]" "withCallingHandlers" "suppressMessages" "withCallingHandlers" "suppressWarnings" "system.time" 
"findCenvVar" "getInlineInfo" "tryInline" "cmpCall" "cmp" "h" "tryInline" "cmpCall" "cmp" "genCode" "cmpfun" "doTryCatch" "tryCatchOne" "tryCatchList" "tryCatch" "compiler:::tryCmpfun" 1#10 "abundance_bar_plot" 1#10 "targets[[nm]]" "withCallingHandlers" "suppressMessages" "withCallingHandlers" "suppressWarnings" "system.time" 
"findCenvVar" "getInlineInfo" "isBaseVar" "getFoldFun" "constantFoldCall" "constantFold" "constantFoldCall" "constantFold" "constantFoldCall" "constantFold" "constantFoldCall" "constantFold" "cmp" "cmpSymbolAssign" "h" "tryInline" "cmpCall" "cmp" "h" "tryInline" "cmpCall" "cmp" "genCode" "cmpfun" "doTryCatch" "tryCatchOne" "tryCatchList" "tryCatch" "compiler:::tryCmpfun" 1#10 "abundance_bar_plot" 1#10 "targets[[nm]]" "withCallingHandlers" "suppressMessages" "withCallingHandlers" "suppressWarnings" "system.time" 
"cmpPrim1" "h" "tryInline" "cmpCall" "cmp" "genCode" "cb$putconst" "cmpCallArgs" "cmpCallExprFun" "cmpCall" "cmp" "genCode" "cb$putconst" "cmpCallArgs" "cmpCallExprFun" "cmpCall" "cmp" "cmpPrim2" "h" "tryInline" "cmpCall" "cmp" "cmpSymbolAssign" "h" "tryInline" "cmpCall" "cmp" "h" "tryInline" "cmpCall" "cmp" "h" "tryInline" "cmpCall" "cmp" "h" "tryInline" "cmpCall" "cmp" "h" "tryInline" "cmpCall" "cmp" "h" "tryInline" "cmpCall" "cmp" "genCode" "cmpfun" "doTryCatch" "tryCatchOne" "tryCatchList" "tryCatch" "compiler:::tryCmpfun" 1#10 "abundance_bar_plot" 1#10 "targets[[nm]]" "withCallingHandlers" "suppressMessages" "withCallingHandlers" "suppressWarnings" "system.time" 
#File 2: D:/temp/2026_09_02_01_50_00_9493/Rtmp0wspHx/R.INSTALLaf0876f66b4e/vctrs/R/slice.R
#File 3: C:/Users/HP/Documents/MicroBioMeta/R/abundance_bar_plot.R
2#161 "vec_slice" ".row_names_info" "%||%" "dplyr_new_data_frame" "dplyr_reconstruct" "dplyr_row_slice.data.frame" "dplyr_row_slice" "filter_impl" "filter.data.frame" "dplyr::filter" "dplyr::filter" "dplyr::filter" "dplyr::filter" "dplyr::filter" "dplyr::filter" "dplyr::filter" ".External2" "%>%" 3#114 "abundance_bar_plot" 1#10 "targets[[nm]]" "withCallingHandlers" "suppressMessages" "withCallingHandlers" "suppressWarnings" "system.time" 
"grepl" ".Call" "eval" "mask$eval_all_filter" "withCallingHandlers" "filter_eval" "filter_rows" "filter_impl" "filter.data.frame" "dplyr::filter" ".External2" "%>%" 3#128 "abundance_bar_plot" 1#10 "targets[[nm]]" "withCallingHandlers" "suppressMessages" "withCallingHandlers" "suppressWarnings" "system.time" 
"sub" 3#150 "abundance_bar_plot" 1#10 "targets[[nm]]" "withCallingHandlers" "suppressMessages" "withCallingHandlers" "suppressWarnings" "system.time" 
"sub" 3#150 "abundance_bar_plot" 1#10 "targets[[nm]]" "withCallingHandlers" "suppressMessages" "withCallingHandlers" "suppressWarnings" "system.time" 
#File 4: D:/temp/2026_09_02_01_50_00_9493/Rtmp0wspHx/R.INSTALLaf0876f66b4e/vctrs/R/c.R
".External2" 4#83 "vec_c" "FUN" "lapply" "map" "withCallingHandlers" "summarise_cols" "summarise.grouped_df" "dplyr::summarise" ".External2" "%>%" 3#194 "abundance_bar_plot" 1#10 "targets[[nm]]" "withCallingHandlers" "suppressMessages" "withCallingHandlers" "suppressWarnings" "system.time" 
"<Anonymous>" "do.call" "as.data.frame.list" "as.data.frame" "data.frame" "Ops.data.frame" 3#199 "abundance_bar_plot" 1#10 "targets[[nm]]" "withCallingHandlers" "suppressMessages" "withCallingHandlers" "suppressWarnings" "system.time" 
".Call" "eval" "mask$eval_all_summarise" "FUN" "lapply" "map" "withCallingHandlers" "summarise_cols" "summarise.grouped_df" "dplyr::summarise" ".External2" "%>%" 3#232 "abundance_bar_plot" 1#10 "targets[[nm]]" "withCallingHandlers" "suppressMessages" "withCallingHandlers" "suppressWarnings" "system.time" 
#File 5: D:/temp/2026_09_02_01_50_00_9493/Rtmp0wspHx/R.INSTALLaf0876f66b4e/vctrs/R/utils.R
#File 6: D:/temp/2026_09_02_01_50_00_9493/Rtmp0wspHx/R.INSTALLaf0876f66b4e/vctrs/R/type-vctr.R
#File 7: D:/temp/2026_09_02_01_50_00_9493/Rtmp0wspHx/R.INSTALLaf0876f66b4e/vctrs/R/type-list-of.R
5#351 "vec_set_attributes" 6#100 "new_vctr" 7#178 "new_list_of0" 7#174 "new_list_of" "group_data.data.frame" "NextMethod" "group_data.tbl_df" "group_data" "compute_by" "add_computed_columns" "group_by_prepare" "group_by.data.frame" "dplyr::group_by" "dplyr::summarise" ".External2" "%>%" 3#253 "abundance_bar_plot" 1#10 "targets[[nm]]" "withCallingHandlers" "suppressMessages" "withCallingHandlers" "suppressWarnings" "system.time" 
"$<-" "doWithOneRestart" "withOneRestart" "withRestarts" "cnd_signal" "signal" "compute_groups" "grouped_df" "group_by.data.frame" "dplyr::group_by" "dplyr::summarise" "dplyr::arrange" "dplyr::pull" ".External2" "%>%" 3#423 "abundance_bar_plot" 1#10 "targets[[nm]]" "withCallingHandlers" "suppressMessages" "withCallingHandlers" "suppressWarnings" "system.time" 
#File 8: C:/Users/HP/Documents/MicroBioMeta/R/zzz.R
"vapply" "vlapply" "class_inherits" "prop_validate" "validate_properties" "validate" "S7::new_object" "element_text" "mget" "find_args" "theme" "theme_grey" "S7::S7_inherits" "is_theme" "%+replace%" "ggplot2::theme_bw" 8#152 ".mbm_theme" 3#447 "abundance_bar_plot" 1#10 "targets[[nm]]" "withCallingHandlers" "suppressMessages" "withCallingHandlers" "suppressWarnings" "system.time" 
"is_S7_type" "validator" "class_validate" "<Anonymous>" "S7::prop<-" "FUN" "lapply" "theme" "theme_grey" "S7::S7_inherits" "is_theme" "%+replace%" "ggplot2::theme_bw" 8#152 ".mbm_theme" 3#447 "abundance_bar_plot" 1#10 "targets[[nm]]" "withCallingHandlers" "suppressMessages" "withCallingHandlers" "suppressWarnings" "system.time" 
"deparse" "method(+, list(ggplot2::ggplot, class_any))" ".External2" "S7::S7_dispatch" "base_ops[[.Generic]]" "doTryCatch" "tryCatchOne" "tryCatchList" "tryCatch" "Ops.S7_object" 3#447 "abundance_bar_plot" 1#10 "targets[[nm]]" "withCallingHandlers" "suppressMessages" "withCallingHandlers" "suppressWarnings" "system.time" 
"new_environment" "initialize" "DataMask$new" "filter_rows" "filter_impl" "filter.data.frame" "dplyr::filter" "dplyr::filter" "dplyr::filter" "dplyr::filter" "dplyr::filter" "dplyr::filter" "dplyr::filter" "dplyr::filter" ".External2" "%>%" 3#114 "abundance_bar_plot" 1#10 "targets[[nm]]" "withCallingHandlers" "suppressMessages" "withCallingHandlers" "suppressWarnings" "system.time" 
2#161 "vec_slice" ".row_names_info" "%||%" "dplyr_new_data_frame" "dplyr_reconstruct" "dplyr_row_slice.data.frame" "dplyr_row_slice" "filter_impl" "filter.data.frame" "dplyr::filter" ".External2" "%>%" 3#114 "abundance_bar_plot" 1#10 "targets[[nm]]" "withCallingHandlers" "suppressMessages" "withCallingHandlers" "suppressWarnings" "system.time" 
"sub" 3#150 "abundance_bar_plot" 1#10 "targets[[nm]]" "withCallingHandlers" "suppressMessages" "withCallingHandlers" "suppressWarnings" "system.time" 
#File 9: D:/temp/2026_09_02_01_50_00_9493/Rtmp0wspHx/R.INSTALLaf0876f66b4e/vctrs/R/slice-chop.R
9#65 "<Anonymous>" "<Anonymous>" ".Call" "eval" "mask$eval_all_summarise" "withCallingHandlers" "FUN" "lapply" "map" "withCallingHandlers" "summarise_cols" "summarise.grouped_df" "dplyr::summarise" ".External2" "%>%" 3#194 "abundance_bar_plot" 1#10 "targets[[nm]]" "withCallingHandlers" "suppressMessages" "withCallingHandlers" "suppressWarnings" "system.time" 
"parent.frame" "eval" "Ops.data.frame" "sweep" 3#199 "abundance_bar_plot" 1#10 "targets[[nm]]" "withCallingHandlers" "suppressMessages" "withCallingHandlers" "suppressWarnings" "system.time" 
"dplyr_quosures" "force" "mutate_cols" "add_computed_columns" "group_by_prepare" "group_by.data.frame" "dplyr::group_by" "dplyr::summarise" ".External2" "%>%" 3#232 "abundance_bar_plot" 1#10 "targets[[nm]]" "withCallingHandlers" "suppressMessages" "withCallingHandlers" "suppressWarnings" "system.time" 
"dplyr::slice_head" "dplyr::pull" ".External2" "%>%" 3#241 "abundance_bar_plot" 1#10 "targets[[nm]]" "withCallingHandlers" "suppressMessages" "withCallingHandlers" "suppressWarnings" "system.time" 
"vapply" "map_mold" "map_lgl" "which" "check_valid_cols" "lst_to_tibble" "as_tibble.data.frame" "as_tibble" "join_mutate" "right_join.data.frame" "dplyr::right_join" 3#272 "abundance_bar_plot" 1#10 "targets[[nm]]" "withCallingHandlers" "suppressMessages" "withCallingHandlers" "suppressWarnings" "system.time" 
"vapply" "vlapply" "class_inherits" "prop_validate" "validate_properties" "validate" "S7::new_object" "element_text" "mget" "find_args" "theme" "theme_grey" "S7::S7_inherits" "is_theme" "%+replace%" "ggplot2::theme_bw" 8#152 ".mbm_theme" 3#447 "abundance_bar_plot" 1#10 "targets[[nm]]" "withCallingHandlers" "suppressMessages" "withCallingHandlers" "suppressWarnings" "system.time" 
"vapply" "vlapply" "S7::new_object" "element_rect" "mget" "find_args" "theme" "theme_grey" "S7::S7_inherits" "is_theme" "%+replace%" "ggplot2::theme_bw" 8#152 ".mbm_theme" 3#447 "abundance_bar_plot" 1#10 "targets[[nm]]" "withCallingHandlers" "suppressMessages" "withCallingHandlers" "suppressWarnings" "system.time" 
"union" ".set_ops_need_as_vector" "union" "ggplot2::element_text" 8#152 "mget" "find_args" "ggplot2::theme" 8#152 ".mbm_theme" 3#447 "abundance_bar_plot" 1#10 "targets[[nm]]" "withCallingHandlers" "suppressMessages" "withCallingHandlers" "suppressWarnings" "system.time" 
2#161 "vec_slice" ".row_names_info" "%||%" "dplyr_new_data_frame" "dplyr_reconstruct" "dplyr_row_slice.data.frame" "dplyr_row_slice" "filter_impl" "filter.data.frame" "dplyr::filter" "dplyr::filter" "dplyr::filter" "dplyr::filter" "dplyr::filter" "dplyr::filter" "dplyr::filter" "dplyr::filter" "dplyr::filter" "dplyr::filter" ".External2" "%>%" 3#114 "abundance_bar_plot" 1#10 "targets[[nm]]" "withCallingHandlers" "suppressMessages" "withCallingHandlers" "suppressWarnings" "system.time" 
"enexpr" "expr" "FUN" "lapply" "map" "mask$forget" "filter_rows" "filter_impl" "filter.data.frame" "dplyr::filter" "dplyr::filter" "dplyr::filter" "dplyr::filter" ".External2" "%>%" 3#114 "abundance_bar_plot" 1#10 "targets[[nm]]" "withCallingHandlers" "suppressMessages" "withCallingHandlers" "suppressWarnings" "system.time" 
"sub" 3#150 "abundance_bar_plot" 1#10 "targets[[nm]]" "withCallingHandlers" "suppressMessages" "withCallingHandlers" "suppressWarnings" "system.time" 
"context_poke" "FUN" "lapply" "map" "withCallingHandlers" "summarise_cols" "summarise.grouped_df" "dplyr::summarise" ".External2" "%>%" 3#194 "abundance_bar_plot" 1#10 "targets[[nm]]" "withCallingHandlers" "suppressMessages" "withCallingHandlers" "suppressWarnings" "system.time" 
"paste" "deparse1" "force" "as.data.frame.numeric" "as.data.frame" "<Anonymous>" "do.call" "as.data.frame.list" "as.data.frame" "data.frame" "Ops.data.frame" 3#199 "abundance_bar_plot" 1#10 "targets[[nm]]" "withCallingHandlers" "suppressMessages" "withCallingHandlers" "suppressWarnings" "system.time" 
"parent.env<-" ".Call" "eval" "mask$eval_all_summarise" "FUN" "lapply" "map" "withCallingHandlers" "summarise_cols" "summarise.grouped_df" "dplyr::summarise" ".External2" "%>%" 3#232 "abundance_bar_plot" 1#10 "targets[[nm]]" "withCallingHandlers" "suppressMessages" "withCallingHandlers" "suppressWarnings" "system.time" 
".rlang_cli_compat" ".rlang_cli_format_fallback" "signal" "compute_groups" "grouped_df" "group_by.data.frame" "dplyr::group_by" "dplyr::summarise" ".External2" "%>%" 3#253 "abundance_bar_plot" 1#10 "targets[[nm]]" "withCallingHandlers" "suppressMessages" "withCallingHandlers" "suppressWarnings" "system.time" 
"prop" "@" "S7::new_object" "element_text" "mget" "find_args" "theme" "theme_grey" "S7::S7_inherits" "is_theme" "%+replace%" "ggplot2::theme_bw" 8#152 ".mbm_theme" 3#447 "abundance_bar_plot" 1#10 "targets[[nm]]" "withCallingHandlers" "suppressMessages" "withCallingHandlers" "suppressWarnings" "system.time" 
"check_is_S7" "prop_names" "%in%" "S7::prop_exists" "FUN" "lapply" "theme" "theme_grey" "S7::S7_inherits" "is_theme" "%+replace%" "ggplot2::theme_bw" 8#152 ".mbm_theme" 3#447 "abundance_bar_plot" 1#10 "targets[[nm]]" "withCallingHandlers" "suppressMessages" "withCallingHandlers" "suppressWarnings" "system.time" 
"$" "prop" "validate_properties" "validate" "S7::props<-" "method(merge_element, list(ggplot2::element, class_any))" ".External2" "S7::S7_dispatch" "merge_element" "withCallingHandlers" "doTryCatch" "tryCatchOne" "tryCatchList" "tryCatch" ".External" "try_fetch" "add_theme" "+.gg" 8#152 ".mbm_theme" 3#447 "abundance_bar_plot" 1#10 "targets[[nm]]" "withCallingHandlers" "suppressMessages" "withCallingHandlers" "suppressWarnings" "system.time" 
2#161 "vec_slice" ".row_names_info" "%||%" "dplyr_new_data_frame" "dplyr_reconstruct" "dplyr_row_slice.data.frame" "dplyr_row_slice" "filter_impl" "filter.data.frame" "dplyr::filter" "dplyr::filter" "dplyr::filter" "dplyr::filter" "dplyr::filter" "dplyr::filter" "dplyr::filter" "dplyr::filter" "dplyr::filter" "dplyr::filter" "dplyr::filter" ".External2" "%>%" 3#114 "abundance_bar_plot" 1#10 "targets[[nm]]" "withCallingHandlers" "suppressMessages" "withCallingHandlers" "suppressWarnings" "system.time" 
2#161 "vec_slice" ".row_names_info" "%||%" "dplyr_new_data_frame" "dplyr_reconstruct" "dplyr_row_slice.data.frame" "dplyr_row_slice" "filter_impl" "filter.data.frame" "dplyr::filter" "dplyr::filter" "dplyr::filter" "dplyr::filter" "dplyr::filter" "dplyr::filter" ".External2" "%>%" 3#114 "abundance_bar_plot" 1#10 "targets[[nm]]" "withCallingHandlers" "suppressMessages" "withCallingHandlers" "suppressWarnings" "system.time" 
"compute_by" "filter_impl" "filter.data.frame" "dplyr::filter" "dplyr::filter" "dplyr::filter" ".External2" "%>%" 3#114 "abundance_bar_plot" 1#10 "targets[[nm]]" "withCallingHandlers" "suppressMessages" "withCallingHandlers" "suppressWarnings" "system.time" 
"sub" 3#150 "abundance_bar_plot" 1#10 "targets[[nm]]" "withCallingHandlers" "suppressMessages" "withCallingHandlers" "suppressWarnings" "system.time" 
#File 10: D:/temp/2026_09_02_01_50_00_9493/Rtmp0wspHx/R.INSTALLaf0876f66b4e/vctrs/R/cast.R
".External2" "list2" 10#109 "vec_cast_common" "FUN" "lapply" "map" "withCallingHandlers" "summarise_cols" "summarise.grouped_df" "dplyr::summarise" ".External2" "%>%" 3#194 "abundance_bar_plot" 1#10 "targets[[nm]]" "withCallingHandlers" "suppressMessages" "withCallingHandlers" "suppressWarnings" "system.time" 
"pmatch" ".deparseOpts" "deparse" "mode" "%in%" "deparse" "paste" "deparse1" "force" "as.data.frame.numeric" "as.data.frame" "<Anonymous>" "do.call" "as.data.frame.list" "as.data.frame" "data.frame" "Ops.data.frame" "sweep" 3#199 "abundance_bar_plot" 1#10 "targets[[nm]]" "withCallingHandlers" "suppressMessages" "withCallingHandlers" "suppressWarnings" "system.time" 
"structure" "enquos" "group_by_prepare" "group_by.data.frame" "dplyr::group_by" "dplyr::summarise" ".External2" "%>%" 3#237 "abundance_bar_plot" 1#10 "targets[[nm]]" "withCallingHandlers" "suppressMessages" "withCallingHandlers" "suppressWarnings" "system.time" 
"structure" "makeRestart" "makeRestartList" "withRestarts" "cnd_signal" "signal" "compute_groups" "grouped_df" "group_by.data.frame" "dplyr::group_by" "dplyr::summarise" ".External2" "%>%" 3#253 "abundance_bar_plot" 1#10 "targets[[nm]]" "withCallingHandlers" "suppressMessages" "withCallingHandlers" "suppressWarnings" "system.time" 
"DataMask$new" "summarise_cols" "summarise.grouped_df" "dplyr::summarise" ".External2" "%>%" 3#410 "abundance_bar_plot" 1#10 "targets[[nm]]" "withCallingHandlers" "suppressMessages" "withCallingHandlers" "suppressWarnings" "system.time" 
"vlapply" "class_inherits" "prop_validate" "validate_properties" "validate" "S7::new_object" "element_text" "mget" "find_args" "theme" "theme_grey" "S7::S7_inherits" "is_theme" "%+replace%" "ggplot2::theme_bw" 8#152 ".mbm_theme" 3#447 "abundance_bar_plot" 1#10 "targets[[nm]]" "withCallingHandlers" "suppressMessages" "withCallingHandlers" "suppressWarnings" "system.time" 
"validate_properties" "validate" "S7::new_object" "element_rect" "mget" "find_args" "theme" "theme_grey" "S7::S7_inherits" "is_theme" "%+replace%" "ggplot2::theme_bw" 8#152 ".mbm_theme" 3#447 "abundance_bar_plot" 1#10 "targets[[nm]]" "withCallingHandlers" "suppressMessages" "withCallingHandlers" "suppressWarnings" "system.time" 
"FUN" "vapply" "vlapply" "class_inherits" "prop_validate" "validate_properties" "validate" "S7::new_object" "element_text" "mget" "find_args" "theme" "theme_grey" "S7::S7_inherits" "is_theme" "%+replace%" "ggplot2::theme_bw" 8#152 ".mbm_theme" 3#447 "abundance_bar_plot" 1#10 "targets[[nm]]" "withCallingHandlers" "suppressMessages" "withCallingHandlers" "suppressWarnings" "system.time" 
"unique" "union" "ggplot2::element_text" 8#152 "mget" "find_args" "ggplot2::theme" 8#152 ".mbm_theme" 3#447 "abundance_bar_plot" 1#10 "targets[[nm]]" "withCallingHandlers" "suppressMessages" "withCallingHandlers" "suppressWarnings" "system.time" 
"ggplot_add.default" "ggplot_add" "add_ggplot" "method(+, list(ggplot2::ggplot, class_any))" ".External2" "S7::S7_dispatch" "base_ops[[.Generic]]" "doTryCatch" "tryCatchOne" "tryCatchList" "tryCatch" "Ops.S7_object" 3#447 "abundance_bar_plot" 1#10 "targets[[nm]]" "withCallingHandlers" "suppressMessages" "withCallingHandlers" "suppressWarnings" "system.time" 
2#161 "vec_slice" ".row_names_info" "%||%" "dplyr_new_data_frame" "dplyr_reconstruct" "dplyr_row_slice.data.frame" "dplyr_row_slice" "filter_impl" "filter.data.frame" "dplyr::filter" "dplyr::filter" "dplyr::filter" "dplyr::filter" "dplyr::filter" ".External2" "%>%" 3#114 "abundance_bar_plot" 1#10 "targets[[nm]]" "withCallingHandlers" "suppressMessages" "withCallingHandlers" "suppressWarnings" "system.time" 
"grepl" ".Call" "eval" "mask$eval_all_filter" "withCallingHandlers" "filter_eval" "filter_rows" "filter_impl" "filter.data.frame" "dplyr::filter" ".External2" "%>%" 3#128 "abundance_bar_plot" 1#10 "targets[[nm]]" "withCallingHandlers" "suppressMessages" "withCallingHandlers" "suppressWarnings" "system.time" 
#File 11: D:/temp/2026_09_02_01_50_00_9493/Rtmp0wspHx/R.INSTALLaf0876f66b4e/vctrs/R/names.R
"with_glue_error" ".transformer" "%||%" "<Anonymous>" "glue_data" "glue::glue" 11#630 ".name_spec" "<Anonymous>" ".External2" 4#83 "vec_c" "splice_dfs" "tibble_quos" "tibble" "compute_groups" "grouped_df" "group_by.data.frame" "dplyr::group_by" "dplyr::summarise" ".External2" "%>%" 3#194 "abundance_bar_plot" 1#10 "targets[[nm]]" "withCallingHandlers" "suppressMessages" "withCallingHandlers" "suppressWarnings" "system.time" 
".Call" "eval" "mask$eval_all_summarise" "withCallingHandlers" "FUN" "lapply" "map" "withCallingHandlers" "summarise_cols" "summarise.grouped_df" "dplyr::summarise" ".External2" "%>%" 3#194 "abundance_bar_plot" 1#10 "targets[[nm]]" "withCallingHandlers" "suppressMessages" "withCallingHandlers" "suppressWarnings" "system.time" 
".deparseOpts" "deparse" "mode" "%in%" "deparse" "paste" "deparse1" "force" "as.data.frame.numeric" "as.data.frame" "<Anonymous>" "do.call" "as.data.frame.list" "as.data.frame" "data.frame" "Ops.data.frame" 3#199 "abundance_bar_plot" 1#10 "targets[[nm]]" "withCallingHandlers" "suppressMessages" "withCallingHandlers" "suppressWarnings" "system.time" 
".Call" "eval" "mask$eval_all_summarise" "FUN" "lapply" "map" "withCallingHandlers" "summarise_cols" "summarise.grouped_df" "dplyr::summarise" ".External2" "%>%" 3#232 "abundance_bar_plot" 1#10 "targets[[nm]]" "withCallingHandlers" "suppressMessages" "withCallingHandlers" "suppressWarnings" "system.time" 
"mutate_cols" "mutate.data.frame" "dplyr::mutate" "dplyr::mutate" "dplyr::select" ".External2" "%>%" 3#257 "abundance_bar_plot" 1#10 "targets[[nm]]" "withCallingHandlers" "suppressMessages" "withCallingHandlers" "suppressWarnings" "system.time" 
"sys.function" "formals" "match.arg" "colorRamp" "grDevices::colorRampPalette" 3#436 "abundance_bar_plot" 1#10 "targets[[nm]]" "withCallingHandlers" "suppressMessages" "withCallingHandlers" "suppressWarnings" "system.time" 
"is_S7_type" "validator" "class_validate" "validate" "S7::new_object" "element_text" "mget" "find_args" "theme" "theme_grey" "S7::S7_inherits" "is_theme" "%+replace%" "ggplot2::theme_bw" 8#152 ".mbm_theme" 3#447 "abundance_bar_plot" 1#10 "targets[[nm]]" "withCallingHandlers" "suppressMessages" "withCallingHandlers" "suppressWarnings" "system.time" 
"vapply" "find_args" "ggplot2::theme" 8#152 ".mbm_theme" 3#447 "abundance_bar_plot" 1#10 "targets[[nm]]" "withCallingHandlers" "suppressMessages" "withCallingHandlers" "suppressWarnings" "system.time" 
"lapply" "assign_func_envs" "create_super_env" "DiscreteRange$new" "clone" "s$clone" "FUN" "lapply" ".External2" "list2" "ggproto" "clone" "<Anonymous>" "plot_clone" "add_ggplot" "method(+, list(ggplot2::ggplot, class_any))" ".External2" "S7::S7_dispatch" "base_ops[[.Generic]]" "doTryCatch" "tryCatchOne" "tryCatchList" "tryCatch" "Ops.S7_object" 3#497 "abundance_bar_plot" 1#10 "targets[[nm]]" "withCallingHandlers" "suppressMessages" "withCallingHandlers" "suppressWarnings" "system.time" 
"names" "names" "unname" "mapply" "map2" "imap" "withCallingHandlers" "filter_expand" "filter_rows" "filter_impl" "filter.data.frame" "dplyr::filter" "dplyr::filter" "dplyr::filter" "dplyr::filter" "dplyr::filter" ".External2" "%>%" 3#114 "abundance_bar_plot" 1#10 "targets[[nm]]" "withCallingHandlers" "suppressMessages" "withCallingHandlers" "suppressWarnings" "system.time" 
"sub" 3#150 "abundance_bar_plot" 1#10 "targets[[nm]]" "withCallingHandlers" "suppressMessages" "withCallingHandlers" "suppressWarnings" "system.time" 
"DataMask$new" "summarise_cols" "summarise.grouped_df" "dplyr::summarise" ".External2" "%>%" 3#194 "abundance_bar_plot" 1#10 "targets[[nm]]" "withCallingHandlers" "suppressMessages" "withCallingHandlers" "suppressWarnings" "system.time" 
"parent.env<-" ".Call" "eval" "mask$eval_all_summarise" "withCallingHandlers" "FUN" "lapply" "map" "withCallingHandlers" "summarise_cols" "summarise.grouped_df" "dplyr::summarise" ".External2" "%>%" 3#194 "abundance_bar_plot" 1#10 "targets[[nm]]" "withCallingHandlers" "suppressMessages" "withCallingHandlers" "suppressWarnings" "system.time" 
"vec_recycle" "withCallingHandlers" "vectbl_recycle_rhs_rows" "tbl_subassign" "[<-.tbl_df" 3#199 "[<-" 3#199 "abundance_bar_plot" 1#10 "targets[[nm]]" "withCallingHandlers" "suppressMessages" "withCallingHandlers" "suppressWarnings" "system.time" 
"parent.env<-" ".Call" "eval" "mask$eval_all_summarise" "FUN" "lapply" "map" "withCallingHandlers" "summarise_cols" "summarise.grouped_df" "dplyr::summarise" ".External2" "%>%" 3#232 "abundance_bar_plot" 1#10 "targets[[nm]]" "withCallingHandlers" "suppressMessages" "withCallingHandlers" "suppressWarnings" "system.time" 
"expand_across" "mutate_col" "withCallingHandlers" "mutate_cols" "add_computed_columns" "group_by_prepare" "group_by.data.frame" "dplyr::group_by" "dplyr::summarise" ".External2" "%>%" 3#253 "abundance_bar_plot" 1#10 "targets[[nm]]" "withCallingHandlers" "suppressMessages" "withCallingHandlers" "suppressWarnings" "system.time" 
"initialize" "DataMask$new" "mutate_cols" "mutate.data.frame" "mutate" "arrange_rows" "arrange.data.frame" "dplyr::arrange" "dplyr::pull" ".External2" "%>%" 3#423 "abundance_bar_plot" 1#10 "targets[[nm]]" "withCallingHandlers" "suppressMessages" "withCallingHandlers" "suppressWarnings" "system.time" 
"validate_properties" "validate" "S7::new_object" "element_text" "mget" "find_args" "theme" "theme_grey" "S7::S7_inherits" "is_theme" "%+replace%" "ggplot2::theme_bw" 8#152 ".mbm_theme" 3#447 "abundance_bar_plot" 1#10 "targets[[nm]]" "withCallingHandlers" "suppressMessages" "withCallingHandlers" "suppressWarnings" "system.time" 
"validator" "prop_validate" "validate_properties" "validate" "S7::new_object" "element_rect" "mget" "find_args" "theme" "S7::S7_inherits" "is_theme" "%+replace%" "ggplot2::theme_bw" 8#152 ".mbm_theme" 3#447 "abundance_bar_plot" 1#10 "targets[[nm]]" "withCallingHandlers" "suppressMessages" "withCallingHandlers" "suppressWarnings" "system.time" 
"mget" "find_args" "ggplot2::theme" 3#447 ".mbm_theme" 3#447 "abundance_bar_plot" 1#10 "targets[[nm]]" "withCallingHandlers" "suppressMessages" "withCallingHandlers" "suppressWarnings" "system.time" 
"env_bind_lazy" "withCallingHandlers" "suppressWarnings" "mask$forget" "filter_rows" "filter_impl" "filter.data.frame" "dplyr::filter" "dplyr::filter" "dplyr::filter" "dplyr::filter" "dplyr::filter" "dplyr::filter" "dplyr::filter" "dplyr::filter" "dplyr::filter" "dplyr::filter" ".External2" "%>%" 3#114 "abundance_bar_plot" 1#10 "targets[[nm]]" "withCallingHandlers" "suppressMessages" "withCallingHandlers" "suppressWarnings" "system.time" 
2#161 "vec_slice" ".row_names_info" "%||%" "dplyr_new_data_frame" "dplyr_reconstruct" "dplyr_row_slice.data.frame" "dplyr_row_slice" "filter_impl" "filter.data.frame" "dplyr::filter" "dplyr::filter" "dplyr::filter" ".External2" "%>%" 3#114 "abundance_bar_plot" 1#10 "targets[[nm]]" "withCallingHandlers" "suppressMessages" "withCallingHandlers" "suppressWarnings" "system.time" 
"sub" 3#150 "abundance_bar_plot" 1#10 "targets[[nm]]" "withCallingHandlers" "suppressMessages" "withCallingHandlers" "suppressWarnings" "system.time" 
".Call" "eval" "mask$eval_all_summarise" "withCallingHandlers" "FUN" "lapply" "map" "withCallingHandlers" "summarise_cols" "summarise.grouped_df" "dplyr::summarise" ".External2" "%>%" 3#194 "abundance_bar_plot" 1#10 "targets[[nm]]" "withCallingHandlers" "suppressMessages" "withCallingHandlers" "suppressWarnings" "system.time" 
"structure" "as.data.frame.numeric" "as.data.frame" "<Anonymous>" "do.call" "as.data.frame.list" "as.data.frame" "data.frame" "Ops.data.frame" "sweep" 3#199 "abundance_bar_plot" 1#10 "targets[[nm]]" "withCallingHandlers" "suppressMessages" "withCallingHandlers" "suppressWarnings" "system.time" 
"expand_across" "mutate_col" "withCallingHandlers" "mutate_cols" "add_computed_columns" "group_by_prepare" "group_by.data.frame" "dplyr::group_by" "dplyr::summarise" ".External2" "%>%" 3#232 "abundance_bar_plot" 1#10 "targets[[nm]]" "withCallingHandlers" "suppressMessages" "withCallingHandlers" "suppressWarnings" "system.time" 
"...length" "requireNamespace" "with_glue_error" ".transformer" "%||%" "<Anonymous>" "glue_data" "glue::glue" 11#630 ".name_spec" "<Anonymous>" ".External2" 4#83 "vec_c" "splice_dfs" "tibble_quos" "tibble" "compute_groups" "grouped_df" "group_by.data.frame" "dplyr::group_by" "dplyr::summarise" ".External2" "%>%" 3#247 "abundance_bar_plot" 1#10 "targets[[nm]]" "withCallingHandlers" "suppressMessages" "withCallingHandlers" "suppressWarnings" "system.time" 
"expand_pick_call" "expand_pick_call" "expand_pick_quo" "expand_pick" "mutate_col" "withCallingHandlers" "mutate_cols" "mutate.data.frame" "dplyr::mutate" ".External2" "%>%" 3#400 "abundance_bar_plot" 1#10 "targets[[nm]]" "withCallingHandlers" "suppressMessages" "withCallingHandlers" "suppressWarnings" "system.time" 
"deparse" "mode" "%in%" "deparse" "method(+, list(ggplot2::ggplot, class_any))" ".External2" "S7::S7_dispatch" "base_ops[[.Generic]]" "doTryCatch" "tryCatchOne" "tryCatchList" "tryCatch" "Ops.S7_object" 3#447 "abundance_bar_plot" 1#10 "targets[[nm]]" "withCallingHandlers" "suppressMessages" "withCallingHandlers" "suppressWarnings" "system.time" 
"tryCatch" ".set_ops_need_as_vector" "union" ".set_ops_need_as_vector" "union" "element_line" "mget" "find_args" "theme" "theme_grey" "S7::S7_inherits" "is_theme" "%+replace%" "ggplot2::theme_bw" 8#152 ".mbm_theme" 3#447 "abundance_bar_plot" 1#10 "targets[[nm]]" "withCallingHandlers" "suppressMessages" "withCallingHandlers" "suppressWarnings" "system.time" 
"validate_properties" "validate" "S7::props<-" "method(merge_element, list(ggplot2::element, class_any))" ".External2" "S7::S7_dispatch" "merge_element" "withCallingHandlers" "doTryCatch" "tryCatchOne" "tryCatchList" "tryCatch" ".External" "try_fetch" "add_theme" "+.gg" 8#152 ".mbm_theme" 3#447 "abundance_bar_plot" 1#10 "targets[[nm]]" "withCallingHandlers" "suppressMessages" "withCallingHandlers" "suppressWarnings" "system.time" 
2#161 "vec_slice" ".row_names_info" "%||%" "dplyr_new_data_frame" "dplyr_reconstruct" "dplyr_row_slice.data.frame" "dplyr_row_slice" "filter_impl" "filter.data.frame" "dplyr::filter" "dplyr::filter" "dplyr::filter" "dplyr::filter" "dplyr::filter" "dplyr::filter" "dplyr::filter" "dplyr::filter" "dplyr::filter" "dplyr::filter" "dplyr::filter" "dplyr::filter" ".External2" "%>%" 3#114 "abundance_bar_plot" 1#10 "targets[[nm]]" "withCallingHandlers" "suppressMessages" "withCallingHandlers" "suppressWarnings" "system.time" 
2#161 "vec_slice" ".row_names_info" "%||%" "dplyr_new_data_frame" "dplyr_reconstruct" "dplyr_row_slice.data.frame" "dplyr_row_slice" "filter_impl" "filter.data.frame" "dplyr::filter" "dplyr::filter" "dplyr::filter" "dplyr::filter" "dplyr::filter" "dplyr::filter" "dplyr::filter" ".External2" "%>%" 3#114 "abundance_bar_plot" 1#10 "targets[[nm]]" "withCallingHandlers" "suppressMessages" "withCallingHandlers" "suppressWarnings" "system.time" 
2#161 "vec_slice" ".row_names_info" "%||%" "dplyr_new_data_frame" "dplyr_reconstruct" "dplyr_row_slice.data.frame" "dplyr_row_slice" "filter_impl" "filter.data.frame" "dplyr::filter" "dplyr::filter" ".External2" "%>%" 3#114 "abundance_bar_plot" 1#10 "targets[[nm]]" "withCallingHandlers" "suppressMessages" "withCallingHandlers" "suppressWarnings" "system.time" 
"sub" 3#150 "abundance_bar_plot" 1#10 "targets[[nm]]" "withCallingHandlers" "suppressMessages" "withCallingHandlers" "suppressWarnings" "system.time" 
"sub" 3#150 "abundance_bar_plot" 1#10 "targets[[nm]]" "withCallingHandlers" "suppressMessages" "withCallingHandlers" "suppressWarnings" "system.time" 
".Call" "eval" "mask$eval_all_summarise" "withCallingHandlers" "FUN" "lapply" "map" "withCallingHandlers" "summarise_cols" "summarise.grouped_df" "dplyr::summarise" ".External2" "%>%" 3#194 "abundance_bar_plot" 1#10 "targets[[nm]]" "withCallingHandlers" "suppressMessages" "withCallingHandlers" "suppressWarnings" "system.time" 
"length" ".deparseOpts" "deparse" "paste" "deparse1" "force" "as.data.frame.numeric" "as.data.frame" "<Anonymous>" "do.call" "as.data.frame.list" "as.data.frame" "data.frame" "Ops.data.frame" "sweep" 3#199 "abundance_bar_plot" 1#10 "targets[[nm]]" "withCallingHandlers" "suppressMessages" "withCallingHandlers" "suppressWarnings" "system.time" 
#File 12: D:/temp/2026_09_02_01_50_00_9493/Rtmp0wspHx/R.INSTALLaf0876f66b4e/vctrs/R/type-unspecified.R
12#126 "vec_ptype_finalise" 7#166 "new_list_of" "group_data.data.frame" "NextMethod" "group_data.tbl_df" "group_data" "compute_by" "add_computed_columns" "group_by_prepare" "group_by.data.frame" "dplyr::group_by" "dplyr::summarise" ".External2" "%>%" 3#232 "abundance_bar_plot" 1#10 "targets[[nm]]" "withCallingHandlers" "suppressMessages" "withCallingHandlers" "suppressWarnings" "system.time" 
"<Anonymous>" "enquo" "enquo" "tidyselect::vars_pull" "pull.data.frame" "dplyr::pull" ".External2" "%>%" 3#241 "abundance_bar_plot" 1#10 "targets[[nm]]" "withCallingHandlers" "suppressMessages" "withCallingHandlers" "suppressWarnings" "system.time" 
#File 13: D:/temp/2026_09_02_01_50_00_9493/Rtmp0wspHx/R.INSTALLaf0876f66b4e/vctrs/R/match.R
13#320 "vctrs::vec_locate_matches" "withCallingHandlers" "dplyr_locate_matches" "join_rows" "join_mutate" "right_join.data.frame" "dplyr::right_join" 3#272 "abundance_bar_plot" 1#10 "targets[[nm]]" "withCallingHandlers" "suppressMessages" "withCallingHandlers" "suppressWarnings" "system.time" 
"$" "FUN" "vapply" "vlapply" "S7::new_object" "element_geom" "mget" "find_args" "theme" "theme_grey" "S7::S7_inherits" "is_theme" "%+replace%" "ggplot2::theme_bw" 8#152 ".mbm_theme" 3#447 "abundance_bar_plot" 1#10 "targets[[nm]]" "withCallingHandlers" "suppressMessages" "withCallingHandlers" "suppressWarnings" "system.time" 
"tryCatchOne" "tryCatchList" "tryCatch" ".set_ops_need_as_vector" "union" ".set_ops_need_as_vector" "union" "element_rect" "mget" "find_args" "theme" "theme_grey" "S7::S7_inherits" "is_theme" "%+replace%" "ggplot2::theme_bw" 8#152 ".mbm_theme" 3#447 "abundance_bar_plot" 1#10 "targets[[nm]]" "withCallingHandlers" "suppressMessages" "withCallingHandlers" "suppressWarnings" "system.time" 
"class_type" "class_inherits" "prop_validate" "validate_properties" "validate" "S7::props<-" "method(merge_element, list(ggplot2::element, class_any))" ".External2" "S7::S7_dispatch" "merge_element" "withCallingHandlers" "doTryCatch" "tryCatchOne" "tryCatchList" "tryCatch" ".External" "try_fetch" "add_theme" "+.gg" 8#152 ".mbm_theme" 3#447 "abundance_bar_plot" 1#10 "targets[[nm]]" "withCallingHandlers" "suppressMessages" "withCallingHandlers" "suppressWarnings" "system.time" 
"dots_split" "env" "filter_expand" "filter_rows" "filter_impl" "filter.data.frame" "dplyr::filter" "dplyr::filter" "dplyr::filter" "dplyr::filter" "dplyr::filter" "dplyr::filter" "dplyr::filter" "dplyr::filter" "dplyr::filter" "dplyr::filter" "dplyr::filter" "dplyr::filter" ".External2" "%>%" 3#114 "abundance_bar_plot" 1#10 "targets[[nm]]" "withCallingHandlers" "suppressMessages" "withCallingHandlers" "suppressWarnings" "system.time" 
"withCallingHandlers" "filter_eval" "filter_rows" "filter_impl" "filter.data.frame" "dplyr::filter" "dplyr::filter" "dplyr::filter" "dplyr::filter" "dplyr::filter" "dplyr::filter" "dplyr::filter" ".External2" "%>%" 3#114 "abundance_bar_plot" 1#10 "targets[[nm]]" "withCallingHandlers" "suppressMessages" "withCallingHandlers" "suppressWarnings" "system.time" 
"dots_split" "env" "filter_eval" "filter_rows" "filter_impl" "filter.data.frame" "dplyr::filter" "dplyr::filter" ".External2" "%>%" 3#114 "abundance_bar_plot" 1#10 "targets[[nm]]" "withCallingHandlers" "suppressMessages" "withCallingHandlers" "suppressWarnings" "system.time" 
"sub" 3#150 "abundance_bar_plot" 1#10 "targets[[nm]]" "withCallingHandlers" "suppressMessages" "withCallingHandlers" "suppressWarnings" "system.time" 
".Call" "eval" "mask$eval_all_summarise" "withCallingHandlers" "FUN" "lapply" "map" "withCallingHandlers" "summarise_cols" "summarise.grouped_df" "dplyr::summarise" ".External2" "%>%" 3#194 "abundance_bar_plot" 1#10 "targets[[nm]]" "withCallingHandlers" "suppressMessages" "withCallingHandlers" "suppressWarnings" "system.time" 
"is_environment" "check_environment" "env_bind_lazy" "withCallingHandlers" "suppressWarnings" "mask$forget" "summarise_cols" "summarise.grouped_df" "dplyr::summarise" ".External2" "%>%" 3#194 "abundance_bar_plot" 1#10 "targets[[nm]]" "withCallingHandlers" "suppressMessages" "withCallingHandlers" "suppressWarnings" "system.time" 
13#320 "vctrs::vec_locate_matches" "withCallingHandlers" "dplyr_locate_matches" "join_rows" "join_mutate" "left_join.data.frame" "dplyr::left_join" 3#220 "abundance_bar_plot" 1#10 "targets[[nm]]" "withCallingHandlers" "suppressMessages" "withCallingHandlers" "suppressWarnings" "system.time" 
"dim" "dim" "nrow" "vec_recycle_common" "dplyr_col_modify.data.frame" "dplyr_col_modify" "summarise_build" "summarise.grouped_df" "dplyr::summarise" ".External2" "%>%" 3#232 "abundance_bar_plot" 1#10 "targets[[nm]]" "withCallingHandlers" "suppressMessages" "withCallingHandlers" "suppressWarnings" "system.time" 
"withRestarts" "cnd_signal" "signal" "compute_groups" "grouped_df" "group_by.data.frame" "dplyr::group_by" "dplyr::summarise" ".External2" "%>%" 3#237 "abundance_bar_plot" 1#10 "targets[[nm]]" "withCallingHandlers" "suppressMessages" "withCallingHandlers" "suppressWarnings" "system.time" 
"dim.data.frame" "dim" "dim" "nrow" "new_data_frame" "dplyr_col_modify.data.frame" "dplyr_col_modify" "mutate.data.frame" "dplyr::mutate" "dplyr::mutate" "dplyr::select" ".External2" "%>%" 3#257 "abundance_bar_plot" 1#10 "targets[[nm]]" "withCallingHandlers" "suppressMessages" "withCallingHandlers" "suppressWarnings" "system.time" 
#File 14: D:/temp/2026_09_02_01_50_00_9493/Rtmp0wspHx/R.INSTALLaf0876f66b4e/vctrs/R/subscript-loc.R
14#277 "doTryCatch" "tryCatchOne" "tryCatchList" "tryCatch" 14#277 "vec_as_location2_result" 14#186 "result_get" 14#186 "vctrs::num_as_location2" "withCallingHandlers" "with_subscript_errors" "pull_as_location2" "tidyselect::vars_pull" "pull.data.frame" "dplyr::pull" ".External2" "%>%" 3#423 "abundance_bar_plot" 1#10 "targets[[nm]]" "withCallingHandlers" "suppressMessages" "withCallingHandlers" "suppressWarnings" "system.time" 
"doTryCatch" "tryCatchOne" "tryCatchList" "tryCatch" ".set_ops_need_as_vector" "union" "element_text" "mget" "find_args" "theme" "theme_grey" "S7::S7_inherits" "is_theme" "%+replace%" "ggplot2::theme_bw" 8#152 ".mbm_theme" 3#447 "abundance_bar_plot" 1#10 "targets[[nm]]" "withCallingHandlers" "suppressMessages" "withCallingHandlers" "suppressWarnings" "system.time" 
8#152 ".mbm_theme" 3#447 "abundance_bar_plot" 1#10 "targets[[nm]]" "withCallingHandlers" "suppressMessages" "withCallingHandlers" "suppressWarnings" "system.time" 
"sys.function" "S7::S7_dispatch" "update_ggplot" "ggplot_add.default" "ggplot_add" "add_ggplot" "method(+, list(ggplot2::ggplot, class_any))" ".External2" "S7::S7_dispatch" "base_ops[[.Generic]]" "doTryCatch" "tryCatchOne" "tryCatchList" "tryCatch" "Ops.S7_object" 3#447 "abundance_bar_plot" 1#10 "targets[[nm]]" "withCallingHandlers" "suppressMessages" "withCallingHandlers" "suppressWarnings" "system.time" 
"duplicate" "is_list" "new_environment" "initialize" "DataMask$new" "filter_rows" "filter_impl" "filter.data.frame" "dplyr::filter" "dplyr::filter" "dplyr::filter" "dplyr::filter" "dplyr::filter" "dplyr::filter" "dplyr::filter" "dplyr::filter" ".External2" "%>%" 3#114 "abundance_bar_plot" 1#10 "targets[[nm]]" "withCallingHandlers" "suppressMessages" "withCallingHandlers" "suppressWarnings" "system.time" 
"expand_if_across" "<Anonymous>" "mapply" "map2" "imap" "withCallingHandlers" "filter_expand" "filter_rows" "filter_impl" "filter.data.frame" "dplyr::filter" "dplyr::filter" ".External2" "%>%" 3#114 "abundance_bar_plot" 1#10 "targets[[nm]]" "withCallingHandlers" "suppressMessages" "withCallingHandlers" "suppressWarnings" "system.time" 
2#161 "vec_slice" ".row_names_info" "%||%" "dplyr_new_data_frame" "dplyr_reconstruct" "dplyr_row_slice.data.frame" "dplyr_row_slice" "filter_impl" "filter.data.frame" "dplyr::filter" ".External2" "%>%" 3#128 "abundance_bar_plot" 1#10 "targets[[nm]]" "withCallingHandlers" "suppressMessages" "withCallingHandlers" "suppressWarnings" "system.time" 
"recycle_columns" "do.call" "glue_data" "glue::glue" 11#630 ".name_spec" "<Anonymous>" ".External2" 4#83 "vec_c" "splice_dfs" "tibble_quos" "tibble" "compute_groups" "grouped_df" "group_by.data.frame" "dplyr::group_by" "dplyr::summarise" ".External2" "%>%" 3#194 "abundance_bar_plot" 1#10 "targets[[nm]]" "withCallingHandlers" "suppressMessages" "withCallingHandlers" "suppressWarnings" "system.time" 
".Call" "eval" "mask$eval_all_summarise" "withCallingHandlers" "FUN" "lapply" "map" "withCallingHandlers" "summarise_cols" "summarise.grouped_df" "dplyr::summarise" ".External2" "%>%" 3#194 "abundance_bar_plot" 1#10 "targets[[nm]]" "withCallingHandlers" "suppressMessages" "withCallingHandlers" "suppressWarnings" "system.time" 
"force" "check_dots_used" "tidyr::pivot_longer" ".External2" "%>%" 3#214 "abundance_bar_plot" 1#10 "targets[[nm]]" "withCallingHandlers" "suppressMessages" "withCallingHandlers" "suppressWarnings" "system.time" 
".Call" "eval" "mask$eval_all_summarise" "FUN" "lapply" "map" "withCallingHandlers" "summarise_cols" "summarise.grouped_df" "dplyr::summarise" ".External2" "%>%" 3#232 "abundance_bar_plot" 1#10 "targets[[nm]]" "withCallingHandlers" "suppressMessages" "withCallingHandlers" "suppressWarnings" "system.time" 
"[<-.tbl_df" "[<-" "join_mutate" "right_join.data.frame" "dplyr::right_join" 3#272 "abundance_bar_plot" 1#10 "targets[[nm]]" "withCallingHandlers" "suppressMessages" "withCallingHandlers" "suppressWarnings" "system.time" 
"tryCatchOne" "tryCatchList" "tryCatch" ".set_ops_need_as_vector" "intersect" "layer" "ggplot2::geom_bar" 3#447 "abundance_bar_plot" 1#10 "targets[[nm]]" "withCallingHandlers" "suppressMessages" "withCallingHandlers" "suppressWarnings" "system.time" 
"class_inherits" "prop_validate" "validate_properties" "validate" "S7::new_object" "ggplot2::element_text" 8#152 "mget" "find_args" "ggplot2::theme" 8#152 ".mbm_theme" 3#447 "abundance_bar_plot" 1#10 "targets[[nm]]" "withCallingHandlers" "suppressMessages" "withCallingHandlers" "suppressWarnings" "system.time" 
"prop" "@" "is_class" "class_dispatch" "class_dispatch" "S7::new_object" "class_labels" "labs" "ggplot2::ylab" 3#447 "abundance_bar_plot" 1#10 "targets[[nm]]" "withCallingHandlers" "suppressMessages" "withCallingHandlers" "suppressWarnings" "system.time" 
